In the directory: /scratch/ejdennis/rat_BrainPipe/smartspim_workflow 
As the user: ejdennis 
on host: spock7-c1-7 
Cpus_allowed_list:	19
MemTotal:       263744204 kB
MemFree:        208587728 kB
MemAvailable:   230891996 kB
Buffers:            8328 kB
Cached:         22816572 kB
SwapCached:            0 kB
Active:         48820848 kB
Inactive:        2306092 kB
Active(anon):   28302664 kB
Inactive(anon):    26080 kB
Active(file):   20518184 kB
Inactive(file):  2280012 kB
Unevictable:           0 kB
Mlocked:               0 kB
SwapTotal:       8191996 kB
SwapFree:        8191996 kB
Dirty:                16 kB
Writeback:             4 kB
AnonPages:      28260372 kB
Mapped:           460844 kB
Shmem:             26704 kB
Slab:             508092 kB
SReclaimable:     390268 kB
SUnreclaim:       117824 kB
KernelStack:        9520 kB
PageTables:        79956 kB
NFS_Unstable:          0 kB
Bounce:                0 kB
WritebackTmp:          0 kB
CommitLimit:    140064096 kB
Committed_AS:   35920796 kB
VmallocTotal:   34359738367 kB
VmallocUsed:      711244 kB
VmallocChunk:   34224736252 kB
Percpu:             8192 kB
HardwareCorrupted:     0 kB
AnonHugePages:  24397824 kB
CmaTotal:              0 kB
CmaFree:               0 kB
HugePages_Total:       0
HugePages_Free:        0
HugePages_Rsvd:        0
HugePages_Surp:        0
Hugepagesize:       2048 kB
DirectMap4k:      196276 kB
DirectMap2M:     7962624 kB
DirectMap1G:    262144000 kB
Storage directory: /jukebox/LightSheetData/lightserv/pbibawi/pb_udisco_647_488_4x/pb_udisco_647_488_4x-001/imaging_request_1/rawdata/resolution_3.6x
Registration channel directory: Ex_488_Em_0_corrected
Cell channel directory: Ex_642_Em_2_corrected
Submitted batch job 22240606
Submitted batch job 22240607
Submitted batch job 22240608
