In the directory: /scratch/ejdennis/rat_BrainPipe/smartspim_workflow 
As the user: ejdennis 
on host: spock-brody01-02 
Cpus_allowed_list:	40
MemTotal:       196505092 kB
MemFree:        81835248 kB
MemAvailable:   179091196 kB
Buffers:            7284 kB
Cached:         96915952 kB
SwapCached:         7148 kB
Active:         22437272 kB
Inactive:       84731812 kB
Active(anon):    9107608 kB
Inactive(anon):  1297584 kB
Active(file):   13329664 kB
Inactive(file): 83434228 kB
Unevictable:           0 kB
Mlocked:               0 kB
SwapTotal:       8191996 kB
SwapFree:        8114684 kB
Dirty:                 0 kB
Writeback:             0 kB
AnonPages:      10241224 kB
Mapped:           134796 kB
Shmem:            159288 kB
Slab:            1573704 kB
SReclaimable:    1243464 kB
SUnreclaim:       330240 kB
KernelStack:       19952 kB
PageTables:        63364 kB
NFS_Unstable:          0 kB
Bounce:                0 kB
WritebackTmp:          0 kB
CommitLimit:    106444540 kB
Committed_AS:   25155132 kB
VmallocTotal:   34359738367 kB
VmallocUsed:      776984 kB
VmallocChunk:   34258277476 kB
Percpu:            77248 kB
HardwareCorrupted:     0 kB
AnonHugePages:    100352 kB
CmaTotal:              0 kB
CmaFree:               0 kB
HugePages_Total:       0
HugePages_Free:        0
HugePages_Rsvd:        0
HugePages_Surp:        0
Hugepagesize:       2048 kB
DirectMap4k:      580364 kB
DirectMap2M:     8509440 kB
DirectMap1G:    192937984 kB
Storage directory: /jukebox/LightSheetData/lightserv/pbibawi/pb_udisco_647_488_/pb_udisco_647_488_A300/imaging_request_1/rawdata/resolution_3.6x
Registration channel directory: Ex_488_Em_0_corrected
Cell channel directory: Ex_642_Em_2_corrected/RESx12060x7605x3756
Submitted batch job 22137530
Submitted batch job 22137531
Submitted batch job 22137532
