In the directory: /scratch/ejdennis/rat_BrainPipe/smartspim_workflow 
As the user: ejdennis 
on host: redshirt-n12 
Cpus_allowed_list:	12
MemTotal:       263938536 kB
MemFree:        27182240 kB
MemAvailable:   169407944 kB
Buffers:          165164 kB
Cached:         141201196 kB
SwapCached:          280 kB
Active:         154557388 kB
Inactive:       72518780 kB
Active(anon):   85627252 kB
Inactive(anon):   166460 kB
Active(file):   68930136 kB
Inactive(file): 72352320 kB
Unevictable:           0 kB
Mlocked:               0 kB
SwapTotal:       4194300 kB
SwapFree:        4186620 kB
Dirty:                 0 kB
Writeback:             0 kB
AnonPages:      85709228 kB
Mapped:           187672 kB
Shmem:             83904 kB
Slab:            1988308 kB
SReclaimable:    1829284 kB
SUnreclaim:       159024 kB
KernelStack:        7440 kB
PageTables:       175876 kB
NFS_Unstable:         16 kB
Bounce:                0 kB
WritebackTmp:          0 kB
CommitLimit:    136163568 kB
Committed_AS:   91161804 kB
VmallocTotal:   34359738367 kB
VmallocUsed:      698560 kB
VmallocChunk:   34224736252 kB
Percpu:             8192 kB
HardwareCorrupted:     0 kB
AnonHugePages:    290816 kB
CmaTotal:              0 kB
CmaFree:               0 kB
HugePages_Total:       0
HugePages_Free:        0
HugePages_Rsvd:        0
HugePages_Surp:        0
Hugepagesize:       2048 kB
DirectMap4k:      610964 kB
DirectMap2M:    10889216 kB
DirectMap1G:    258998272 kB
Storage directory: /jukebox/LightSheetData/lightserv/pbibawi/pb_udisco/pb_udisco_X077/imaging_request_1/rawdata/resolution_3.6x/
Registration channel directory: Ex_488_Em_0_corrected/RES\(10582x7586x4069\)/045600/045600_096560/
Cell channel directory: Ex_642_Em_2_corrected/RES\(10543x7615x4132\)/046290/046290_096450/
Submitted batch job 22272319
Submitted batch job 22272320
Submitted batch job 22272321
Submitted batch job 22272322
Submitted batch job 22272323
