In the directory: /scratch/ejdennis/rat_BrainPipe/smartspim_workflow 
As the user: ejdennis 
on host: spock-brody01-02 
Cpus_allowed_list:	0
MemTotal:       196505092 kB
MemFree:        92048576 kB
MemAvailable:   189304768 kB
Buffers:            7284 kB
Cached:         96892252 kB
SwapCached:         7096 kB
Active:         13394184 kB
Inactive:       83625380 kB
Active(anon):      64400 kB
Inactive(anon):   191252 kB
Active(file):   13329784 kB
Inactive(file): 83434128 kB
Unevictable:           0 kB
Mlocked:               0 kB
SwapTotal:       8191996 kB
SwapFree:        8115964 kB
Dirty:                 0 kB
Writeback:             0 kB
AnonPages:        111444 kB
Mapped:            50504 kB
Shmem:            135624 kB
Slab:            1568944 kB
SReclaimable:    1243176 kB
SUnreclaim:       325768 kB
KernelStack:       12704 kB
PageTables:         5508 kB
NFS_Unstable:          0 kB
Bounce:                0 kB
WritebackTmp:          0 kB
CommitLimit:    106444540 kB
Committed_AS:     572240 kB
VmallocTotal:   34359738367 kB
VmallocUsed:      776504 kB
VmallocChunk:   34258280444 kB
Percpu:            77248 kB
HardwareCorrupted:     0 kB
AnonHugePages:      2048 kB
CmaTotal:              0 kB
CmaFree:               0 kB
HugePages_Total:       0
HugePages_Free:        0
HugePages_Rsvd:        0
HugePages_Surp:        0
Hugepagesize:       2048 kB
DirectMap4k:      580364 kB
DirectMap2M:     8509440 kB
DirectMap1G:    192937984 kB
Storage directory: /jukebox/LightSheetData/lightserv/pbibawi/pb_udisco_647_488_/pb_udisco_647_488_A300/imaging_request_1/rawdata/resolution_3.6x
Registration channel directory: Ex_488_Em_0_corrected
Cell channel directory: Ex_642_Em_2_corrected/RESx12060x7605x3756
Submitted batch job 22137909
Submitted batch job 22137910
Submitted batch job 22137911
