In the directory: /scratch/ejdennis/rat_BrainPipe/smartspim_workflow 
As the user: ejdennis 
on host: redshirt-n46 
Cpus_allowed_list:	14
MemTotal:       263938536 kB
MemFree:        197640788 kB
MemAvailable:   200936516 kB
Buffers:            8328 kB
Cached:          3894336 kB
SwapCached:            0 kB
Active:         59774812 kB
Inactive:        3127620 kB
Active(anon):   59000516 kB
Inactive(anon):     9376 kB
Active(file):     774296 kB
Inactive(file):  3118244 kB
Unevictable:           0 kB
Mlocked:               0 kB
SwapTotal:       8191996 kB
SwapFree:        8191996 kB
Dirty:                76 kB
Writeback:             0 kB
AnonPages:      59122968 kB
Mapped:           300572 kB
Shmem:             10124 kB
Slab:             411716 kB
SReclaimable:     287300 kB
SUnreclaim:       124416 kB
KernelStack:       14256 kB
PageTables:       164504 kB
NFS_Unstable:          0 kB
Bounce:                0 kB
WritebackTmp:          0 kB
CommitLimit:    140161264 kB
Committed_AS:   58158464 kB
VmallocTotal:   34359738367 kB
VmallocUsed:    17478604 kB
VmallocChunk:   34206648316 kB
Percpu:             8320 kB
HardwareCorrupted:     0 kB
AnonHugePages:  51716096 kB
CmaTotal:              0 kB
CmaFree:               0 kB
HugePages_Total:       0
HugePages_Free:        0
HugePages_Rsvd:        0
HugePages_Surp:        0
Hugepagesize:       2048 kB
DirectMap4k:      184980 kB
DirectMap2M:     5023744 kB
DirectMap1G:    265289728 kB
Storage directory: /jukebox/LightSheetData/lightserv/pbibawi/pb_udisco_647_488_/pb_udisco_647_488_A300/imaging_request_1/rawdata/resolution_3.6x
Registration channel directory: Ex_488_Em_0_corrected
Cell channel directory: Ex_642_Em_2_corrected/RESx12060x7605x3756
Submitted batch job 22239054
Submitted batch job 22239055
Submitted batch job 22239056
